// Jest Snapshot v1, https://goo.gl/fbAQLP

exports[`App components snapshots Country List renders correctly 1`] = `
Object {
  "asFragment": [Function],
  "baseElement": <body>
    <div>
      <div
        class="flex flex-wrap"
      >
        <a
          class="basis-2/4 flex justify-center items-center flex-col border-b border-white bg-[#DC4782] "
          href="/dataPage/23"
        >
          <div>
            <img
              alt="Country flag"
              class="w-16 h-16 rounded-full mt-4 drop-shadow-lg my-auto mx-auto"
              src="https://flagcdn.com/w320/se.png"
            />
          </div>
          <div
            class="flex items-center justify-center"
          >
            <h3
              class="text-white mt-4 mb-2 font-semibold text-center"
            />
          </div>
        </a>
      </div>
    </div>
  </body>,
  "container": <div>
    <div
      class="flex flex-wrap"
    >
      <a
        class="basis-2/4 flex justify-center items-center flex-col border-b border-white bg-[#DC4782] "
        href="/dataPage/23"
      >
        <div>
          <img
            alt="Country flag"
            class="w-16 h-16 rounded-full mt-4 drop-shadow-lg my-auto mx-auto"
            src="https://flagcdn.com/w320/se.png"
          />
        </div>
        <div
          class="flex items-center justify-center"
        >
          <h3
            class="text-white mt-4 mb-2 font-semibold text-center"
          />
        </div>
      </a>
    </div>
  </div>,
  "debug": [Function],
  "findAllByAltText": [Function],
  "findAllByDisplayValue": [Function],
  "findAllByLabelText": [Function],
  "findAllByPlaceholderText": [Function],
  "findAllByRole": [Function],
  "findAllByTestId": [Function],
  "findAllByText": [Function],
  "findAllByTitle": [Function],
  "findByAltText": [Function],
  "findByDisplayValue": [Function],
  "findByLabelText": [Function],
  "findByPlaceholderText": [Function],
  "findByRole": [Function],
  "findByTestId": [Function],
  "findByText": [Function],
  "findByTitle": [Function],
  "getAllByAltText": [Function],
  "getAllByDisplayValue": [Function],
  "getAllByLabelText": [Function],
  "getAllByPlaceholderText": [Function],
  "getAllByRole": [Function],
  "getAllByTestId": [Function],
  "getAllByText": [Function],
  "getAllByTitle": [Function],
  "getByAltText": [Function],
  "getByDisplayValue": [Function],
  "getByLabelText": [Function],
  "getByPlaceholderText": [Function],
  "getByRole": [Function],
  "getByTestId": [Function],
  "getByText": [Function],
  "getByTitle": [Function],
  "queryAllByAltText": [Function],
  "queryAllByDisplayValue": [Function],
  "queryAllByLabelText": [Function],
  "queryAllByPlaceholderText": [Function],
  "queryAllByRole": [Function],
  "queryAllByTestId": [Function],
  "queryAllByText": [Function],
  "queryAllByTitle": [Function],
  "queryByAltText": [Function],
  "queryByDisplayValue": [Function],
  "queryByLabelText": [Function],
  "queryByPlaceholderText": [Function],
  "queryByRole": [Function],
  "queryByTestId": [Function],
  "queryByText": [Function],
  "queryByTitle": [Function],
  "rerender": [Function],
  "unmount": [Function],
}
`;
