// Jest Snapshot v1, https://goo.gl/fbAQLP

exports[`App components snapshots Country List renders correctly 1`] = `
Object {
  "asFragment": [Function],
  "baseElement": <body>
    <div>
      <div>
        <div
          class="flex justify-between items-center bg-[#EC4C8A] py-3 px-4"
        >
          <a
            href="/"
          >
            <div>
              <svg
                class="fill-white w-5 h-5 cursor-pointer"
              >
                <use
                  xlink:href="icons.svg#icon-chevron-left1"
                />
              </svg>
            </div>
          </a>
          <div
            class="text-white"
          >
            Continent
          </div>
          <div
            class="flex "
          >
            <svg
              class="fill-white w-5 h-5 cursor-pointer mr-5"
            >
              <use
                xlink:href="icons.svg#icon-microphone"
              />
            </svg>
            <svg
              class="fill-white w-5 h-5 cursor-pointer"
            >
              <use
                xlink:href="icons.svg#icon-settings"
              />
            </svg>
          </div>
        </div>
        <div
          class="flex p-5 bg-[#FC5193] items-center"
        >
          <img
            alt="Europe map"
            class="w-[60%] opacity-60"
            src="eu.png"
          />
          <div
            class="ml-6"
          >
            <h3
              class="text-3xl font-mono text-white font-bold"
            >
              Europe
            </h3>
            <p
              class="text-xl text-white"
            >
              746.4 million
            </p>
          </div>
        </div>
        <div
          class="text-white bg-[#DF4782]"
        >
          <h3
            class="ml-8"
          >
            Stats by Country
          </h3>
        </div>
        <div
          class="flex flex-wrap"
        />
      </div>
    </div>
  </body>,
  "container": <div>
    <div>
      <div
        class="flex justify-between items-center bg-[#EC4C8A] py-3 px-4"
      >
        <a
          href="/"
        >
          <div>
            <svg
              class="fill-white w-5 h-5 cursor-pointer"
            >
              <use
                xlink:href="icons.svg#icon-chevron-left1"
              />
            </svg>
          </div>
        </a>
        <div
          class="text-white"
        >
          Continent
        </div>
        <div
          class="flex "
        >
          <svg
            class="fill-white w-5 h-5 cursor-pointer mr-5"
          >
            <use
              xlink:href="icons.svg#icon-microphone"
            />
          </svg>
          <svg
            class="fill-white w-5 h-5 cursor-pointer"
          >
            <use
              xlink:href="icons.svg#icon-settings"
            />
          </svg>
        </div>
      </div>
      <div
        class="flex p-5 bg-[#FC5193] items-center"
      >
        <img
          alt="Europe map"
          class="w-[60%] opacity-60"
          src="eu.png"
        />
        <div
          class="ml-6"
        >
          <h3
            class="text-3xl font-mono text-white font-bold"
          >
            Europe
          </h3>
          <p
            class="text-xl text-white"
          >
            746.4 million
          </p>
        </div>
      </div>
      <div
        class="text-white bg-[#DF4782]"
      >
        <h3
          class="ml-8"
        >
          Stats by Country
        </h3>
      </div>
      <div
        class="flex flex-wrap"
      />
    </div>
  </div>,
  "debug": [Function],
  "findAllByAltText": [Function],
  "findAllByDisplayValue": [Function],
  "findAllByLabelText": [Function],
  "findAllByPlaceholderText": [Function],
  "findAllByRole": [Function],
  "findAllByTestId": [Function],
  "findAllByText": [Function],
  "findAllByTitle": [Function],
  "findByAltText": [Function],
  "findByDisplayValue": [Function],
  "findByLabelText": [Function],
  "findByPlaceholderText": [Function],
  "findByRole": [Function],
  "findByTestId": [Function],
  "findByText": [Function],
  "findByTitle": [Function],
  "getAllByAltText": [Function],
  "getAllByDisplayValue": [Function],
  "getAllByLabelText": [Function],
  "getAllByPlaceholderText": [Function],
  "getAllByRole": [Function],
  "getAllByTestId": [Function],
  "getAllByText": [Function],
  "getAllByTitle": [Function],
  "getByAltText": [Function],
  "getByDisplayValue": [Function],
  "getByLabelText": [Function],
  "getByPlaceholderText": [Function],
  "getByRole": [Function],
  "getByTestId": [Function],
  "getByText": [Function],
  "getByTitle": [Function],
  "queryAllByAltText": [Function],
  "queryAllByDisplayValue": [Function],
  "queryAllByLabelText": [Function],
  "queryAllByPlaceholderText": [Function],
  "queryAllByRole": [Function],
  "queryAllByTestId": [Function],
  "queryAllByText": [Function],
  "queryAllByTitle": [Function],
  "queryByAltText": [Function],
  "queryByDisplayValue": [Function],
  "queryByLabelText": [Function],
  "queryByPlaceholderText": [Function],
  "queryByRole": [Function],
  "queryByTestId": [Function],
  "queryByText": [Function],
  "queryByTitle": [Function],
  "rerender": [Function],
  "unmount": [Function],
}
`;
